1:
-
UPDATE
	abc
SET
	(
		b,
		c
	)
	=
	(
		8,
		9
	)
WHERE
	(
		a
		=
		2
	)
	AND
	(
		b
		=
		c
	)
ORDER BY
	v
		DESC
LIMIT
	1
RETURNING
	abc.b,
	c,
	4
		AS d

7:
-------
UPDATE
	abc
SET
	(
		b,
		c
	)
	=
	(
		8,
		9
	)
WHERE
	(
		a
		=
		2
	)
	AND
	(
		b
		=
		c
	)
ORDER BY
	v
		DESC
LIMIT 1
RETURNING
	abc.b,
	c,
	4
		AS d

10:
----------
UPDATE abc
SET
	(b, c)
	=
	(8, 9)
WHERE
	(
		a
		=
		2
	)
	AND
	(
		b
		=
		c
	)
ORDER BY
	v DESC
LIMIT 1
RETURNING
	abc.b,
	c,
	4 AS d

11:
-----------
UPDATE abc
SET
	(b, c)
	=
	(8, 9)
WHERE
	(a = 2)
	AND
	(b = c)
ORDER BY
	v DESC
LIMIT 1
RETURNING
	abc.b,
	c,
	4 AS d

15:
---------------
UPDATE abc
SET
	(b, c)
	=
	(8, 9)
WHERE
	(a = 2)
	AND (b = c)
ORDER BY v DESC
LIMIT 1
RETURNING
	abc.b,
	c,
	4 AS d

19:
-------------------
UPDATE abc
SET (b, c) = (8, 9)
WHERE
	(a = 2)
	AND (b = c)
ORDER BY v DESC
LIMIT 1
RETURNING
	abc.b,
	c,
	4 AS d

20:
--------------------
UPDATE abc
SET (b, c) = (8, 9)
WHERE
	(a = 2)
	AND (b = c)
ORDER BY v DESC
LIMIT 1
RETURNING
	abc.b, c, 4 AS d

23:
-----------------------
UPDATE abc
SET (b, c) = (8, 9)
WHERE
	(a = 2) AND (b = c)
ORDER BY v DESC
LIMIT 1
RETURNING
	abc.b, c, 4 AS d

25:
-------------------------
UPDATE abc
SET (b, c) = (8, 9)
WHERE (a = 2) AND (b = c)
ORDER BY v DESC
LIMIT 1
RETURNING
	abc.b, c, 4 AS d

26:
--------------------------
UPDATE abc
SET (b, c) = (8, 9)
WHERE (a = 2) AND (b = c)
ORDER BY v DESC
LIMIT 1
RETURNING abc.b, c, 4 AS d

107:
-----------------------------------------------------------------------------------------------------------
UPDATE abc SET (b, c) = (8, 9) WHERE (a = 2) AND (b = c) ORDER BY v DESC LIMIT 1 RETURNING abc.b, c, 4 AS d
