1:
-
WITH
	t
		(
			x
		)
		AS (
			WITH
				t
					(
						x
					)
					AS (
						SELECT
							1
					)
			SELECT
				x
				* 10
			FROM
				t
		)
SELECT
	x
	+ 2
FROM
	t

8:
--------
  WITH t
		   (
			   x
		   )
		   AS (
			   WITH
				   t
					   (
						   x
					   )
					   AS (
						   SELECT
							   1
					   )
			   SELECT
				   x
				   * 10
			   FROM
				   t
		   )
SELECT x
	   + 2
  FROM t

12:
------------
  WITH t (x)
		   AS (
			   WITH
				   t
					   (
						   x
					   )
					   AS (
						   SELECT
							   1
					   )
			   SELECT
				   x
				   * 10
			   FROM
				   t
		   )
SELECT x + 2
  FROM t

23:
-----------------------
  WITH t (x)
		   AS (
			     WITH t
						  (
							  x
						  )
						  AS (
							  SELECT
								  1
						  )
			   SELECT x
					  * 10
			     FROM t
		   )
SELECT x + 2
  FROM t

27:
---------------------------
  WITH t (x)
		   AS (
			     WITH t (x)
						  AS (
							  SELECT
								  1
						  )
			   SELECT x
					  * 10
			     FROM t
		   )
SELECT x + 2
  FROM t

28:
----------------------------
  WITH t (x)
		   AS (
			     WITH t (x)
						  AS (
							  SELECT
								  1
						  )
			   SELECT x * 10
			     FROM t
		   )
SELECT x + 2
  FROM t

38:
--------------------------------------
  WITH t (x)
		   AS (
			     WITH t (x)
						  AS (
							  SELECT 1
						  )
			   SELECT x * 10
			     FROM t
		   )
SELECT x + 2
  FROM t

39:
---------------------------------------
  WITH t (x)
		   AS (
			     WITH t (x)
						  AS (SELECT 1)
			   SELECT x * 10
			     FROM t
		   )
SELECT x + 2
  FROM t

41:
-----------------------------------------
  WITH t (x)
		   AS (
			     WITH t (x) AS (SELECT 1)
			   SELECT x * 10
			     FROM t
		   )
SELECT x + 2
  FROM t

60:
------------------------------------------------------------
  WITH t (x)
		   AS (
			   WITH t (x) AS (SELECT 1) SELECT x * 10 FROM t
		   )
SELECT x + 2
  FROM t

61:
-------------------------------------------------------------
  WITH t (x)
		   AS (WITH t (x) AS (SELECT 1) SELECT x * 10 FROM t)
SELECT x + 2
  FROM t

63:
---------------------------------------------------------------
  WITH t (x) AS (WITH t (x) AS (SELECT 1) SELECT x * 10 FROM t)
SELECT x + 2
  FROM t

81:
---------------------------------------------------------------------------------
WITH t (x) AS (WITH t (x) AS (SELECT 1) SELECT x * 10 FROM t) SELECT x + 2 FROM t
