1:
-
SELECT
	count(
		*
	)
FROM
	[
		DELETE
		FROM
			unindexed
		LIMIT
			5
		RETURNING
			v
	]

12:
------------
SELECT
	count(*)
FROM
	[
		DELETE
		FROM
			unindexed
		LIMIT
			5
		RETURNING
			v
	]

15:
---------------
SELECT count(*)
FROM
	[
		DELETE
		FROM
			unindexed
		LIMIT 5
		RETURNING
			v
	]

19:
-------------------
SELECT count(*)
FROM
	[
		DELETE
		FROM
			unindexed
		LIMIT 5
		RETURNING v
	]

22:
----------------------
SELECT count(*)
FROM
	[
		DELETE
		FROM unindexed
		LIMIT 5
		RETURNING v
	]

47:
-----------------------------------------------
SELECT count(*)
FROM
	[DELETE FROM unindexed LIMIT 5 RETURNING v]

48:
------------------------------------------------
SELECT count(*)
FROM [DELETE FROM unindexed LIMIT 5 RETURNING v]

64:
----------------------------------------------------------------
SELECT count(*) FROM [DELETE FROM unindexed LIMIT 5 RETURNING v]
