1:
-
SELECT
	1
	= 1,
	(
		1
		+ 2
	)
	= (
			3
			* foo(
					x
				)
		),
	x
	= y::INT,
	y[123]
	= min(
			z
		)

10:
----------
SELECT
	1 = 1,
	(
		1
		+ 2
	)
	= (
			3
			* foo(
					x
				)
		),
	x
	= y::INT,
	y[123]
	= min(
			z
		)

11:
-----------
SELECT
	1 = 1,
	(1 + 2)
	= (
			3
			* foo(
					x
				)
		),
	x
	= y::INT,
	y[123]
	= min(
			z
		)

12:
------------
SELECT
	1 = 1,
	(1 + 2)
	= (
			3
			* foo(
					x
				)
		),
	x
	= y::INT,
	y[123]
	= min(z)

15:
---------------
SELECT
	1 = 1,
	(1 + 2)
	= (
			3
			* foo(
					x
				)
		),
	x = y::INT,
	y[123]
	= min(z)

19:
-------------------
SELECT
	1 = 1,
	(1 + 2)
	= (3 * foo(x)),
	x = y::INT,
	y[123] = min(z)

27:
---------------------------
SELECT
	1 = 1,
	(1 + 2) = (3 * foo(x)),
	x = y::INT,
	y[123] = min(z)

62:
--------------------------------------------------------------
SELECT
	1 = 1, (1 + 2) = (3 * foo(x)), x = y::INT, y[123] = min(z)

65:
-----------------------------------------------------------------
SELECT 1 = 1, (1 + 2) = (3 * foo(x)), x = y::INT, y[123] = min(z)
