1:
-
SELECT
	NULL
		AS table_cat,
	n.nspname
		AS table_schem,
	ct.relname
		AS table_name,
	a.attname
		AS column_name,
	(i.keys).n
		AS key_seq,
	ci.relname
		AS pk_name
FROM
	pg_catalog.pg_class
		AS ct
	JOIN
		pg_catalog.pg_attribute
			AS a
	ON
		ct.oid
		= a.attrelid
	JOIN
		pg_catalog.pg_namespace
			AS n
	ON
		ct.relnamespace
		= n.oid
	JOIN
		(
			SELECT
				i.indexrelid,
				i.indrelid,
				i.indisprimary,
				information_schema._pg_expandarray(
					i.indkey
				)
					AS keys
			FROM
				pg_catalog.pg_index
					AS i
		)
			AS i
	ON
		a.attnum
		= (i.keys).x
		AND a.attrelid
			= i.indrelid
	JOIN
		pg_catalog.pg_class
			AS ci
	ON
		ci.oid
		= i.indexrelid
WHERE
	true
	AND ct.relname
		= 'j'
	AND i.indisprimary
ORDER BY
	table_name,
	pk_name,
	key_seq

9:
---------
SELECT
	NULL
		AS table_cat,
	n.nspname
		AS table_schem,
	ct.relname
		AS table_name,
	a.attname
		AS column_name,
	(i.keys).n
		AS key_seq,
	ci.relname
		AS pk_name
FROM
	pg_catalog.pg_class
		AS ct
	JOIN
		pg_catalog.pg_attribute
			AS a
	ON
		ct.oid
		= a.attrelid
	JOIN
		pg_catalog.pg_namespace
			AS n
	ON
		ct.relnamespace
		= n.oid
	JOIN
		(
			SELECT
				i.indexrelid,
				i.indrelid,
				i.indisprimary,
				information_schema._pg_expandarray(
					i.indkey
				)
					AS keys
			FROM
				pg_catalog.pg_index
					AS i
		) AS i
	ON
		a.attnum
		= (i.keys).x
		AND a.attrelid
			= i.indrelid
	JOIN
		pg_catalog.pg_class
			AS ci
	ON
		ci.oid
		= i.indexrelid
WHERE
	true
	AND ct.relname
		= 'j'
	AND i.indisprimary
ORDER BY
	table_name,
	pk_name,
	key_seq

10:
----------
SELECT
	NULL
		AS table_cat,
	n.nspname
		AS table_schem,
	ct.relname
		AS table_name,
	a.attname
		AS column_name,
	(i.keys).n
		AS key_seq,
	ci.relname
		AS pk_name
FROM
	pg_catalog.pg_class
		AS ct
	JOIN
		pg_catalog.pg_attribute
			AS a
	ON
		ct.oid
		= a.attrelid
	JOIN
		pg_catalog.pg_namespace
			AS n
	ON
		ct.relnamespace
		= n.oid
	JOIN (
			SELECT
				i.indexrelid,
				i.indrelid,
				i.indisprimary,
				information_schema._pg_expandarray(
					i.indkey
				)
					AS keys
			FROM
				pg_catalog.pg_index
					AS i
	     ) AS i
	ON
		a.attnum
		= (i.keys).x
		AND a.attrelid
			= i.indrelid
	JOIN
		pg_catalog.pg_class
			AS ci
	ON
		ci.oid
		= i.indexrelid
WHERE true
      AND ct.relname
		= 'j'
      AND i.indisprimary
ORDER BY
	table_name,
	pk_name,
	key_seq

11:
-----------
SELECT NULL
		AS table_cat,
       n.nspname
		AS table_schem,
       ct.relname
		AS table_name,
       a.attname
		AS column_name,
       (i.keys).n
		AS key_seq,
       ci.relname
		AS pk_name
FROM
	pg_catalog.pg_class
		AS ct
	JOIN
		pg_catalog.pg_attribute
			AS a
	ON
		ct.oid
		= a.attrelid
	JOIN
		pg_catalog.pg_namespace
			AS n
	ON
		ct.relnamespace
		= n.oid
	JOIN (
			SELECT
				i.indexrelid,
				i.indrelid,
				i.indisprimary,
				information_schema._pg_expandarray(
					i.indkey
				)
					AS keys
			FROM
				pg_catalog.pg_index
					AS i
	     ) AS i
	ON
		a.attnum
		= (i.keys).x
		AND a.attrelid
			= i.indrelid
	JOIN
		pg_catalog.pg_class
			AS ci
	ON
		ci.oid
		= i.indexrelid
WHERE true
      AND ct.relname
		= 'j'
      AND i.indisprimary
ORDER BY
	table_name,
	pk_name,
	key_seq

13:
-------------
SELECT NULL
		AS table_cat,
       n.nspname
		AS table_schem,
       ct.relname
		AS table_name,
       a.attname
		AS column_name,
       (i.keys).n
		AS key_seq,
       ci.relname
		AS pk_name
FROM
	pg_catalog.pg_class
		AS ct
	JOIN
		pg_catalog.pg_attribute
			AS a
	ON ct.oid
	   = a.attrelid
	JOIN
		pg_catalog.pg_namespace
			AS n
	ON
		ct.relnamespace
		= n.oid
	JOIN (
			SELECT
				i.indexrelid,
				i.indrelid,
				i.indisprimary,
				information_schema._pg_expandarray(
					i.indkey
				)
					AS keys
			FROM
				pg_catalog.pg_index
					AS i
	     ) AS i
	ON
		a.attnum
		= (i.keys).x
		AND a.attrelid
			= i.indrelid
	JOIN
		pg_catalog.pg_class
			AS ci
	ON ci.oid
	   = i.indexrelid
WHERE true
      AND ct.relname
		= 'j'
      AND i.indisprimary
ORDER BY
	table_name,
	pk_name,
	key_seq

15:
---------------
SELECT NULL
		AS table_cat,
       n.nspname
		AS table_schem,
       ct.relname
		AS table_name,
       a.attname
		AS column_name,
       (i.keys).n
		AS key_seq,
       ci.relname
		AS pk_name
FROM
	pg_catalog.pg_class
		AS ct
	JOIN
		pg_catalog.pg_attribute
			AS a
	ON ct.oid
	   = a.attrelid
	JOIN
		pg_catalog.pg_namespace
			AS n
	ON
		ct.relnamespace
		= n.oid
	JOIN (
			SELECT
				i.indexrelid,
				i.indrelid,
				i.indisprimary,
				information_schema._pg_expandarray(
					i.indkey
				)
					AS keys
			FROM
				pg_catalog.pg_index
					AS i
	     ) AS i
	ON a.attnum
	   = (i.keys).x
	   AND a.attrelid
		= i.indrelid
	JOIN
		pg_catalog.pg_class
			AS ci
	ON ci.oid
	   = i.indexrelid
WHERE true
      AND ct.relname
		= 'j'
      AND i.indisprimary
ORDER BY
	table_name,
	pk_name,
	key_seq

20:
--------------------
SELECT NULL
		AS table_cat,
       n.nspname
		AS table_schem,
       ct.relname
		AS table_name,
       a.attname
		AS column_name,
       (i.keys).n
		AS key_seq,
       ci.relname
		AS pk_name
FROM
	pg_catalog.pg_class
		AS ct
	JOIN
		pg_catalog.pg_attribute
			AS a
	ON ct.oid
	   = a.attrelid
	JOIN
		pg_catalog.pg_namespace
			AS n
	ON
		ct.relnamespace
		= n.oid
	JOIN (
			SELECT
				i.indexrelid,
				i.indrelid,
				i.indisprimary,
				information_schema._pg_expandarray(
					i.indkey
				)
					AS keys
			FROM
				pg_catalog.pg_index
					AS i
	     ) AS i
	ON a.attnum
	   = (i.keys).x
	   AND a.attrelid
		= i.indrelid
	JOIN
		pg_catalog.pg_class
			AS ci
	ON ci.oid
	   = i.indexrelid
WHERE true
      AND ct.relname
		= 'j'
      AND i.indisprimary
ORDER BY table_name,
         pk_name,
         key_seq

22:
----------------------
SELECT NULL
		AS table_cat,
       n.nspname
		AS table_schem,
       ct.relname
		AS table_name,
       a.attname
		AS column_name,
       (i.keys).n
		AS key_seq,
       ci.relname
		AS pk_name
FROM
	pg_catalog.pg_class
		AS ct
	JOIN
		pg_catalog.pg_attribute
			AS a
	ON ct.oid
	   = a.attrelid
	JOIN
		pg_catalog.pg_namespace
			AS n
	ON ct.relnamespace
	   = n.oid
	JOIN (
			SELECT
				i.indexrelid,
				i.indrelid,
				i.indisprimary,
				information_schema._pg_expandarray(
					i.indkey
				)
					AS keys
			FROM
				pg_catalog.pg_index
					AS i
	     ) AS i
	ON a.attnum
	   = (i.keys).x
	   AND a.attrelid
		= i.indrelid
	JOIN
		pg_catalog.pg_class
			AS ci
	ON ci.oid
	   = i.indexrelid
WHERE true
      AND ct.relname
		= 'j'
      AND i.indisprimary
ORDER BY table_name,
         pk_name,
         key_seq

24:
------------------------
SELECT NULL
		AS table_cat,
       n.nspname
		AS table_schem,
       ct.relname
		AS table_name,
       a.attname
		AS column_name,
       (i.keys).n
		AS key_seq,
       ci.relname
		AS pk_name
FROM pg_catalog.pg_class
		AS ct
     JOIN
		pg_catalog.pg_attribute
			AS a
     ON ct.oid
        = a.attrelid
     JOIN
		pg_catalog.pg_namespace
			AS n
     ON ct.relnamespace
        = n.oid
     JOIN (
			SELECT
				i.indexrelid,
				i.indrelid,
				i.indisprimary,
				information_schema._pg_expandarray(
					i.indkey
				)
					AS keys
			FROM
				pg_catalog.pg_index
					AS i
          ) AS i
     ON a.attnum
        = (i.keys).x
        AND a.attrelid
			= i.indrelid
     JOIN
		pg_catalog.pg_class
			AS ci
     ON ci.oid
        = i.indexrelid
WHERE true
      AND ct.relname
		= 'j'
      AND i.indisprimary
ORDER BY table_name,
         pk_name,
         key_seq

25:
-------------------------
SELECT NULL AS table_cat,
       n.nspname
		AS table_schem,
       ct.relname
		AS table_name,
       a.attname
		AS column_name,
       (i.keys).n
		AS key_seq,
       ci.relname
		AS pk_name
FROM pg_catalog.pg_class
		AS ct
     JOIN
		pg_catalog.pg_attribute
			AS a
     ON ct.oid
        = a.attrelid
     JOIN
		pg_catalog.pg_namespace
			AS n
     ON ct.relnamespace
        = n.oid
     JOIN (
			SELECT
				i.indexrelid,
				i.indrelid,
				i.indisprimary,
				information_schema._pg_expandarray(
					i.indkey
				)
					AS keys
			FROM
				pg_catalog.pg_index
					AS i
          ) AS i
     ON a.attnum
        = (i.keys).x
        AND a.attrelid
			= i.indrelid
     JOIN
		pg_catalog.pg_class
			AS ci
     ON ci.oid
        = i.indexrelid
WHERE true
      AND ct.relname
		= 'j'
      AND i.indisprimary
ORDER BY table_name,
         pk_name,
         key_seq

26:
--------------------------
SELECT NULL AS table_cat,
       n.nspname
		AS table_schem,
       ct.relname
		AS table_name,
       a.attname
		AS column_name,
       (i.keys).n
		AS key_seq,
       ci.relname
		AS pk_name
FROM pg_catalog.pg_class
		AS ct
     JOIN
		pg_catalog.pg_attribute
			AS a
     ON ct.oid
        = a.attrelid
     JOIN
		pg_catalog.pg_namespace
			AS n
     ON ct.relnamespace
        = n.oid
     JOIN (
			SELECT
				i.indexrelid,
				i.indrelid,
				i.indisprimary,
				information_schema._pg_expandarray(
					i.indkey
				)
					AS keys
			FROM
				pg_catalog.pg_index
					AS i
          ) AS i
     ON a.attnum
        = (i.keys).x
        AND a.attrelid
			= i.indrelid
     JOIN
		pg_catalog.pg_class
			AS ci
     ON ci.oid
        = i.indexrelid
WHERE true
      AND ct.relname = 'j'
      AND i.indisprimary
ORDER BY table_name,
         pk_name,
         key_seq

27:
---------------------------
SELECT NULL AS table_cat,
       n.nspname
		AS table_schem,
       ct.relname
		AS table_name,
       a.attname
		AS column_name,
       (i.keys).n
		AS key_seq,
       ci.relname
		AS pk_name
FROM pg_catalog.pg_class
		AS ct
     JOIN
		pg_catalog.pg_attribute
			AS a
     ON ct.oid = a.attrelid
     JOIN
		pg_catalog.pg_namespace
			AS n
     ON ct.relnamespace
        = n.oid
     JOIN (
			SELECT
				i.indexrelid,
				i.indrelid,
				i.indisprimary,
				information_schema._pg_expandarray(
					i.indkey
				)
					AS keys
			FROM
				pg_catalog.pg_index
					AS i
          ) AS i
     ON a.attnum
        = (i.keys).x
        AND a.attrelid
			= i.indrelid
     JOIN
		pg_catalog.pg_class
			AS ci
     ON ci.oid
        = i.indexrelid
WHERE true
      AND ct.relname = 'j'
      AND i.indisprimary
ORDER BY table_name,
         pk_name,
         key_seq

28:
----------------------------
SELECT NULL AS table_cat,
       n.nspname
		AS table_schem,
       ct.relname
		AS table_name,
       a.attname
		AS column_name,
       (i.keys).n
		AS key_seq,
       ci.relname AS pk_name
FROM pg_catalog.pg_class
		AS ct
     JOIN
		pg_catalog.pg_attribute
			AS a
     ON ct.oid = a.attrelid
     JOIN
		pg_catalog.pg_namespace
			AS n
     ON ct.relnamespace
        = n.oid
     JOIN (
			SELECT
				i.indexrelid,
				i.indrelid,
				i.indisprimary,
				information_schema._pg_expandarray(
					i.indkey
				)
					AS keys
			FROM
				pg_catalog.pg_index
					AS i
          ) AS i
     ON a.attnum
        = (i.keys).x
        AND a.attrelid
			= i.indrelid
     JOIN
		pg_catalog.pg_class
			AS ci
     ON ci.oid
        = i.indexrelid
WHERE true
      AND ct.relname = 'j'
      AND i.indisprimary
ORDER BY table_name,
         pk_name,
         key_seq

29:
-----------------------------
SELECT NULL AS table_cat,
       n.nspname
		AS table_schem,
       ct.relname
		AS table_name,
       a.attname
		AS column_name,
       (i.keys).n AS key_seq,
       ci.relname AS pk_name
FROM pg_catalog.pg_class
		AS ct
     JOIN
		pg_catalog.pg_attribute
			AS a
     ON ct.oid = a.attrelid
     JOIN
		pg_catalog.pg_namespace
			AS n
     ON ct.relnamespace
        = n.oid
     JOIN (
			SELECT
				i.indexrelid,
				i.indrelid,
				i.indisprimary,
				information_schema._pg_expandarray(
					i.indkey
				)
					AS keys
			FROM
				pg_catalog.pg_index
					AS i
          ) AS i
     ON a.attnum = (i.keys).x
        AND a.attrelid
			= i.indrelid
     JOIN pg_catalog.pg_class
			AS ci
     ON ci.oid = i.indexrelid
WHERE true
      AND ct.relname = 'j'
      AND i.indisprimary
ORDER BY table_name,
         pk_name,
         key_seq

30:
------------------------------
SELECT NULL AS table_cat,
       n.nspname
		AS table_schem,
       ct.relname
		AS table_name,
       a.attname
		AS column_name,
       (i.keys).n AS key_seq,
       ci.relname AS pk_name
FROM pg_catalog.pg_class AS ct
     JOIN
		pg_catalog.pg_attribute
			AS a
     ON ct.oid = a.attrelid
     JOIN
		pg_catalog.pg_namespace
			AS n
     ON ct.relnamespace
        = n.oid
     JOIN (
			SELECT
				i.indexrelid,
				i.indrelid,
				i.indisprimary,
				information_schema._pg_expandarray(
					i.indkey
				)
					AS keys
			FROM
				pg_catalog.pg_index
					AS i
          ) AS i
     ON a.attnum = (i.keys).x
        AND a.attrelid
			= i.indrelid
     JOIN pg_catalog.pg_class
			AS ci
     ON ci.oid = i.indexrelid
WHERE true
      AND ct.relname = 'j'
      AND i.indisprimary
ORDER BY table_name,
         pk_name,
         key_seq

31:
-------------------------------
SELECT NULL AS table_cat,
       n.nspname
		AS table_schem,
       ct.relname
		AS table_name,
       a.attname
		AS column_name,
       (i.keys).n AS key_seq,
       ci.relname AS pk_name
FROM pg_catalog.pg_class AS ct
     JOIN
		pg_catalog.pg_attribute
			AS a
     ON ct.oid = a.attrelid
     JOIN
		pg_catalog.pg_namespace
			AS n
     ON ct.relnamespace = n.oid
     JOIN (
			SELECT
				i.indexrelid,
				i.indrelid,
				i.indisprimary,
				information_schema._pg_expandarray(
					i.indkey
				)
					AS keys
			FROM
				pg_catalog.pg_index
					AS i
          ) AS i
     ON a.attnum = (i.keys).x
        AND a.attrelid
			= i.indrelid
     JOIN pg_catalog.pg_class
			AS ci
     ON ci.oid = i.indexrelid
WHERE true
      AND ct.relname = 'j'
      AND i.indisprimary
ORDER BY table_name,
         pk_name,
         key_seq

32:
--------------------------------
SELECT NULL AS table_cat,
       n.nspname AS table_schem,
       ct.relname AS table_name,
       a.attname AS column_name,
       (i.keys).n AS key_seq,
       ci.relname AS pk_name
FROM pg_catalog.pg_class AS ct
     JOIN
		pg_catalog.pg_attribute
			AS a
     ON ct.oid = a.attrelid
     JOIN
		pg_catalog.pg_namespace
			AS n
     ON ct.relnamespace = n.oid
     JOIN (
			SELECT i.indexrelid,
			       i.indrelid,
			       i.indisprimary,
			       information_schema._pg_expandarray(
					i.indkey
			       )
					AS keys
			FROM
				pg_catalog.pg_index
					AS i
          ) AS i
     ON a.attnum = (i.keys).x
        AND a.attrelid
			= i.indrelid
     JOIN pg_catalog.pg_class
			AS ci
     ON ci.oid = i.indexrelid
WHERE true
      AND ct.relname = 'j'
      AND i.indisprimary
ORDER BY table_name,
         pk_name,
         key_seq

33:
---------------------------------
SELECT NULL AS table_cat,
       n.nspname AS table_schem,
       ct.relname AS table_name,
       a.attname AS column_name,
       (i.keys).n AS key_seq,
       ci.relname AS pk_name
FROM pg_catalog.pg_class AS ct
     JOIN pg_catalog.pg_attribute
			AS a
     ON ct.oid = a.attrelid
     JOIN pg_catalog.pg_namespace
			AS n
     ON ct.relnamespace = n.oid
     JOIN (
			SELECT i.indexrelid,
			       i.indrelid,
			       i.indisprimary,
			       information_schema._pg_expandarray(
					i.indkey
			       )
					AS keys
			FROM
				pg_catalog.pg_index
					AS i
          ) AS i
     ON a.attnum = (i.keys).x
        AND a.attrelid
			= i.indrelid
     JOIN pg_catalog.pg_class
			AS ci
     ON ci.oid = i.indexrelid
WHERE true
      AND ct.relname = 'j'
      AND i.indisprimary
ORDER BY table_name,
         pk_name,
         key_seq

35:
-----------------------------------
SELECT NULL AS table_cat,
       n.nspname AS table_schem,
       ct.relname AS table_name,
       a.attname AS column_name,
       (i.keys).n AS key_seq,
       ci.relname AS pk_name
FROM pg_catalog.pg_class AS ct
     JOIN pg_catalog.pg_attribute
			AS a
     ON ct.oid = a.attrelid
     JOIN pg_catalog.pg_namespace
			AS n
     ON ct.relnamespace = n.oid
     JOIN (
			SELECT i.indexrelid,
			       i.indrelid,
			       i.indisprimary,
			       information_schema._pg_expandarray(
					i.indkey
			       )
					AS keys
			FROM
				pg_catalog.pg_index
					AS i
          ) AS i
     ON a.attnum = (i.keys).x
        AND a.attrelid = i.indrelid
     JOIN pg_catalog.pg_class AS ci
     ON ci.oid = i.indexrelid
WHERE true
      AND ct.relname = 'j'
      AND i.indisprimary
ORDER BY table_name,
         pk_name,
         key_seq

36:
------------------------------------
SELECT NULL AS table_cat,
       n.nspname AS table_schem,
       ct.relname AS table_name,
       a.attname AS column_name,
       (i.keys).n AS key_seq,
       ci.relname AS pk_name
FROM pg_catalog.pg_class AS ct
     JOIN pg_catalog.pg_attribute
			AS a
     ON ct.oid = a.attrelid
     JOIN pg_catalog.pg_namespace
			AS n
     ON ct.relnamespace = n.oid
     JOIN (
			SELECT i.indexrelid,
			       i.indrelid,
			       i.indisprimary,
			       information_schema._pg_expandarray(
					i.indkey
			       )
					AS keys
			FROM pg_catalog.pg_index
					AS i
          ) AS i
     ON a.attnum = (i.keys).x
        AND a.attrelid = i.indrelid
     JOIN pg_catalog.pg_class AS ci
     ON ci.oid = i.indexrelid
WHERE true
      AND ct.relname = 'j'
      AND i.indisprimary
ORDER BY table_name,
         pk_name,
         key_seq

37:
-------------------------------------
SELECT NULL AS table_cat,
       n.nspname AS table_schem,
       ct.relname AS table_name,
       a.attname AS column_name,
       (i.keys).n AS key_seq,
       ci.relname AS pk_name
FROM pg_catalog.pg_class AS ct
     JOIN pg_catalog.pg_attribute
			AS a
     ON ct.oid = a.attrelid
     JOIN pg_catalog.pg_namespace
			AS n
     ON ct.relnamespace = n.oid
     JOIN (
			SELECT i.indexrelid,
			       i.indrelid,
			       i.indisprimary,
			       information_schema._pg_expandarray(
					i.indkey
			       )
					AS keys
			FROM pg_catalog.pg_index
					AS i
          ) AS i
     ON a.attnum = (i.keys).x
        AND a.attrelid = i.indrelid
     JOIN pg_catalog.pg_class AS ci
     ON ci.oid = i.indexrelid
WHERE true
      AND ct.relname = 'j'
      AND i.indisprimary
ORDER BY table_name, pk_name, key_seq

38:
--------------------------------------
SELECT NULL AS table_cat,
       n.nspname AS table_schem,
       ct.relname AS table_name,
       a.attname AS column_name,
       (i.keys).n AS key_seq,
       ci.relname AS pk_name
FROM pg_catalog.pg_class AS ct
     JOIN pg_catalog.pg_attribute AS a
     ON ct.oid = a.attrelid
     JOIN pg_catalog.pg_namespace AS n
     ON ct.relnamespace = n.oid
     JOIN (
			SELECT i.indexrelid,
			       i.indrelid,
			       i.indisprimary,
			       information_schema._pg_expandarray(
					i.indkey
			       )
					AS keys
			FROM pg_catalog.pg_index
					AS i
          ) AS i
     ON a.attnum = (i.keys).x
        AND a.attrelid = i.indrelid
     JOIN pg_catalog.pg_class AS ci
     ON ci.oid = i.indexrelid
WHERE true
      AND ct.relname = 'j'
      AND i.indisprimary
ORDER BY table_name, pk_name, key_seq

41:
-----------------------------------------
SELECT NULL AS table_cat,
       n.nspname AS table_schem,
       ct.relname AS table_name,
       a.attname AS column_name,
       (i.keys).n AS key_seq,
       ci.relname AS pk_name
FROM pg_catalog.pg_class AS ct
     JOIN pg_catalog.pg_attribute AS a
     ON ct.oid = a.attrelid
     JOIN pg_catalog.pg_namespace AS n
     ON ct.relnamespace = n.oid
     JOIN (
			SELECT i.indexrelid,
			       i.indrelid,
			       i.indisprimary,
			       information_schema._pg_expandarray(
					i.indkey
			       )
					AS keys
			FROM pg_catalog.pg_index AS i
          ) AS i
     ON a.attnum = (i.keys).x
        AND a.attrelid = i.indrelid
     JOIN pg_catalog.pg_class AS ci
     ON ci.oid = i.indexrelid
WHERE true
      AND ct.relname = 'j'
      AND i.indisprimary
ORDER BY table_name, pk_name, key_seq

50:
--------------------------------------------------
SELECT NULL AS table_cat,
       n.nspname AS table_schem,
       ct.relname AS table_name,
       a.attname AS column_name,
       (i.keys).n AS key_seq,
       ci.relname AS pk_name
FROM pg_catalog.pg_class AS ct
     JOIN pg_catalog.pg_attribute AS a
     ON ct.oid = a.attrelid
     JOIN pg_catalog.pg_namespace AS n
     ON ct.relnamespace = n.oid
     JOIN (
			SELECT i.indexrelid,
			       i.indrelid,
			       i.indisprimary,
			       information_schema._pg_expandarray(
					i.indkey
			       )
					AS keys
			FROM pg_catalog.pg_index AS i
          ) AS i
     ON a.attnum = (i.keys).x
        AND a.attrelid = i.indrelid
     JOIN pg_catalog.pg_class AS ci
     ON ci.oid = i.indexrelid
WHERE true AND ct.relname = 'j' AND i.indisprimary
ORDER BY table_name, pk_name, key_seq

54:
------------------------------------------------------
SELECT NULL AS table_cat,
       n.nspname AS table_schem,
       ct.relname AS table_name,
       a.attname AS column_name,
       (i.keys).n AS key_seq,
       ci.relname AS pk_name
FROM pg_catalog.pg_class AS ct
     JOIN pg_catalog.pg_attribute AS a
     ON ct.oid = a.attrelid
     JOIN pg_catalog.pg_namespace AS n
     ON ct.relnamespace = n.oid
     JOIN (
			SELECT i.indexrelid,
			       i.indrelid,
			       i.indisprimary,
			       information_schema._pg_expandarray(
					i.indkey
			       ) AS keys
			FROM pg_catalog.pg_index AS i
          ) AS i
     ON a.attnum = (i.keys).x
        AND a.attrelid = i.indrelid
     JOIN pg_catalog.pg_class AS ci
     ON ci.oid = i.indexrelid
WHERE true AND ct.relname = 'j' AND i.indisprimary
ORDER BY table_name, pk_name, key_seq

57:
---------------------------------------------------------
SELECT NULL AS table_cat,
       n.nspname AS table_schem,
       ct.relname AS table_name,
       a.attname AS column_name,
       (i.keys).n AS key_seq,
       ci.relname AS pk_name
FROM pg_catalog.pg_class AS ct
     JOIN pg_catalog.pg_attribute AS a
     ON ct.oid = a.attrelid
     JOIN pg_catalog.pg_namespace AS n
     ON ct.relnamespace = n.oid
     JOIN (
			SELECT i.indexrelid,
			       i.indrelid,
			       i.indisprimary,
			       information_schema._pg_expandarray(
					i.indkey
			       ) AS keys
			FROM pg_catalog.pg_index AS i
          ) AS i
     ON a.attnum = (i.keys).x AND a.attrelid = i.indrelid
     JOIN pg_catalog.pg_class AS ci
     ON ci.oid = i.indexrelid
WHERE true AND ct.relname = 'j' AND i.indisprimary
ORDER BY table_name, pk_name, key_seq

60:
------------------------------------------------------------
SELECT NULL AS table_cat,
       n.nspname AS table_schem,
       ct.relname AS table_name,
       a.attname AS column_name,
       (i.keys).n AS key_seq,
       ci.relname AS pk_name
FROM pg_catalog.pg_class AS ct
     JOIN pg_catalog.pg_attribute AS a
     ON ct.oid = a.attrelid
     JOIN pg_catalog.pg_namespace AS n
     ON ct.relnamespace = n.oid
     JOIN (
			SELECT i.indexrelid,
			       i.indrelid,
			       i.indisprimary,
			       information_schema._pg_expandarray(
					i.indkey
			       ) AS keys
			FROM pg_catalog.pg_index AS i
          ) AS i
     ON a.attnum = (i.keys).x AND a.attrelid = i.indrelid
     JOIN pg_catalog.pg_class AS ci ON ci.oid = i.indexrelid
WHERE true AND ct.relname = 'j' AND i.indisprimary
ORDER BY table_name, pk_name, key_seq

61:
-------------------------------------------------------------
SELECT NULL AS table_cat,
       n.nspname AS table_schem,
       ct.relname AS table_name,
       a.attname AS column_name,
       (i.keys).n AS key_seq,
       ci.relname AS pk_name
FROM pg_catalog.pg_class AS ct
     JOIN pg_catalog.pg_attribute AS a ON ct.oid = a.attrelid
     JOIN pg_catalog.pg_namespace AS n
     ON ct.relnamespace = n.oid
     JOIN (
			SELECT i.indexrelid,
			       i.indrelid,
			       i.indisprimary,
			       information_schema._pg_expandarray(
					i.indkey
			       ) AS keys
			FROM pg_catalog.pg_index AS i
          ) AS i
     ON a.attnum = (i.keys).x AND a.attrelid = i.indrelid
     JOIN pg_catalog.pg_class AS ci ON ci.oid = i.indexrelid
WHERE true AND ct.relname = 'j' AND i.indisprimary
ORDER BY table_name, pk_name, key_seq

65:
-----------------------------------------------------------------
SELECT NULL AS table_cat,
       n.nspname AS table_schem,
       ct.relname AS table_name,
       a.attname AS column_name,
       (i.keys).n AS key_seq,
       ci.relname AS pk_name
FROM pg_catalog.pg_class AS ct
     JOIN pg_catalog.pg_attribute AS a ON ct.oid = a.attrelid
     JOIN pg_catalog.pg_namespace AS n ON ct.relnamespace = n.oid
     JOIN (
			SELECT i.indexrelid,
			       i.indrelid,
			       i.indisprimary,
			       information_schema._pg_expandarray(
					i.indkey
			       ) AS keys
			FROM pg_catalog.pg_index AS i
          ) AS i
     ON a.attnum = (i.keys).x AND a.attrelid = i.indrelid
     JOIN pg_catalog.pg_class AS ci ON ci.oid = i.indexrelid
WHERE true AND ct.relname = 'j' AND i.indisprimary
ORDER BY table_name, pk_name, key_seq

71:
-----------------------------------------------------------------------
SELECT NULL AS table_cat,
       n.nspname AS table_schem,
       ct.relname AS table_name,
       a.attname AS column_name,
       (i.keys).n AS key_seq,
       ci.relname AS pk_name
FROM pg_catalog.pg_class AS ct
     JOIN pg_catalog.pg_attribute AS a ON ct.oid = a.attrelid
     JOIN pg_catalog.pg_namespace AS n ON ct.relnamespace = n.oid
     JOIN (
			SELECT i.indexrelid,
			       i.indrelid,
			       i.indisprimary,
			       information_schema._pg_expandarray(i.indkey) AS keys
			FROM pg_catalog.pg_index AS i
          ) AS i
     ON a.attnum = (i.keys).x AND a.attrelid = i.indrelid
     JOIN pg_catalog.pg_class AS ci ON ci.oid = i.indexrelid
WHERE true AND ct.relname = 'j' AND i.indisprimary
ORDER BY table_name, pk_name, key_seq

113:
-----------------------------------------------------------------------------------------------------------------
SELECT NULL AS table_cat,
       n.nspname AS table_schem,
       ct.relname AS table_name,
       a.attname AS column_name,
       (i.keys).n AS key_seq,
       ci.relname AS pk_name
FROM pg_catalog.pg_class AS ct
     JOIN pg_catalog.pg_attribute AS a ON ct.oid = a.attrelid
     JOIN pg_catalog.pg_namespace AS n ON ct.relnamespace = n.oid
     JOIN (
			SELECT i.indexrelid, i.indrelid, i.indisprimary, information_schema._pg_expandarray(i.indkey) AS keys
			FROM pg_catalog.pg_index AS i
          ) AS i
     ON a.attnum = (i.keys).x AND a.attrelid = i.indrelid
     JOIN pg_catalog.pg_class AS ci ON ci.oid = i.indexrelid
WHERE true AND ct.relname = 'j' AND i.indisprimary
ORDER BY table_name, pk_name, key_seq

143:
-----------------------------------------------------------------------------------------------------------------------------------------------
SELECT NULL AS table_cat,
       n.nspname AS table_schem,
       ct.relname AS table_name,
       a.attname AS column_name,
       (i.keys).n AS key_seq,
       ci.relname AS pk_name
FROM pg_catalog.pg_class AS ct
     JOIN pg_catalog.pg_attribute AS a ON ct.oid = a.attrelid
     JOIN pg_catalog.pg_namespace AS n ON ct.relnamespace = n.oid
     JOIN (
			SELECT i.indexrelid, i.indrelid, i.indisprimary, information_schema._pg_expandarray(i.indkey) AS keys FROM pg_catalog.pg_index AS i
          ) AS i
     ON a.attnum = (i.keys).x AND a.attrelid = i.indrelid
     JOIN pg_catalog.pg_class AS ci ON ci.oid = i.indexrelid
WHERE true AND ct.relname = 'j' AND i.indisprimary
ORDER BY table_name, pk_name, key_seq

148:
----------------------------------------------------------------------------------------------------------------------------------------------------
SELECT NULL AS table_cat, n.nspname AS table_schem, ct.relname AS table_name, a.attname AS column_name, (i.keys).n AS key_seq, ci.relname AS pk_name
FROM pg_catalog.pg_class AS ct
     JOIN pg_catalog.pg_attribute AS a ON ct.oid = a.attrelid
     JOIN pg_catalog.pg_namespace AS n ON ct.relnamespace = n.oid
     JOIN (SELECT i.indexrelid, i.indrelid, i.indisprimary, information_schema._pg_expandarray(i.indkey) AS keys FROM pg_catalog.pg_index AS i) AS i
     ON a.attnum = (i.keys).x AND a.attrelid = i.indrelid
     JOIN pg_catalog.pg_class AS ci ON ci.oid = i.indexrelid
WHERE true AND ct.relname = 'j' AND i.indisprimary
ORDER BY table_name, pk_name, key_seq

201:
---------------------------------------------------------------------------------------------------------------------------------------------------------------------------------------------------------
SELECT NULL AS table_cat, n.nspname AS table_schem, ct.relname AS table_name, a.attname AS column_name, (i.keys).n AS key_seq, ci.relname AS pk_name
FROM pg_catalog.pg_class AS ct
     JOIN pg_catalog.pg_attribute AS a ON ct.oid = a.attrelid
     JOIN pg_catalog.pg_namespace AS n ON ct.relnamespace = n.oid
     JOIN (SELECT i.indexrelid, i.indrelid, i.indisprimary, information_schema._pg_expandarray(i.indkey) AS keys FROM pg_catalog.pg_index AS i) AS i ON a.attnum = (i.keys).x AND a.attrelid = i.indrelid
     JOIN pg_catalog.pg_class AS ci ON ci.oid = i.indexrelid
WHERE true AND ct.relname = 'j' AND i.indisprimary
ORDER BY table_name, pk_name, key_seq

401:
-----------------------------------------------------------------------------------------------------------------------------------------------------------------------------------------------------------------------------------------------------------------------------------------------------------------------------------------------------------------------------------------------------------------
SELECT NULL AS table_cat, n.nspname AS table_schem, ct.relname AS table_name, a.attname AS column_name, (i.keys).n AS key_seq, ci.relname AS pk_name
FROM pg_catalog.pg_class AS ct JOIN pg_catalog.pg_attribute AS a ON ct.oid = a.attrelid JOIN pg_catalog.pg_namespace AS n ON ct.relnamespace = n.oid JOIN (SELECT i.indexrelid, i.indrelid, i.indisprimary, information_schema._pg_expandarray(i.indkey) AS keys FROM pg_catalog.pg_index AS i) AS i ON a.attnum = (i.keys).x AND a.attrelid = i.indrelid JOIN pg_catalog.pg_class AS ci ON ci.oid = i.indexrelid
WHERE true AND ct.relname = 'j' AND i.indisprimary
ORDER BY table_name, pk_name, key_seq

601:
-------------------------------------------------------------------------------------------------------------------------------------------------------------------------------------------------------------------------------------------------------------------------------------------------------------------------------------------------------------------------------------------------------------------------------------------------------------------------------------------------------------------------------------------------------------------------------------------------------------------------
SELECT NULL AS table_cat, n.nspname AS table_schem, ct.relname AS table_name, a.attname AS column_name, (i.keys).n AS key_seq, ci.relname AS pk_name FROM pg_catalog.pg_class AS ct JOIN pg_catalog.pg_attribute AS a ON ct.oid = a.attrelid JOIN pg_catalog.pg_namespace AS n ON ct.relnamespace = n.oid JOIN (SELECT i.indexrelid, i.indrelid, i.indisprimary, information_schema._pg_expandarray(i.indkey) AS keys FROM pg_catalog.pg_index AS i) AS i ON a.attnum = (i.keys).x AND a.attrelid = i.indrelid JOIN pg_catalog.pg_class AS ci ON ci.oid = i.indexrelid WHERE true AND ct.relname = 'j' AND i.indisprimary
ORDER BY table_name, pk_name, key_seq

639:
---------------------------------------------------------------------------------------------------------------------------------------------------------------------------------------------------------------------------------------------------------------------------------------------------------------------------------------------------------------------------------------------------------------------------------------------------------------------------------------------------------------------------------------------------------------------------------------------------------------------------------------------------------------
SELECT NULL AS table_cat, n.nspname AS table_schem, ct.relname AS table_name, a.attname AS column_name, (i.keys).n AS key_seq, ci.relname AS pk_name FROM pg_catalog.pg_class AS ct JOIN pg_catalog.pg_attribute AS a ON ct.oid = a.attrelid JOIN pg_catalog.pg_namespace AS n ON ct.relnamespace = n.oid JOIN (SELECT i.indexrelid, i.indrelid, i.indisprimary, information_schema._pg_expandarray(i.indkey) AS keys FROM pg_catalog.pg_index AS i) AS i ON a.attnum = (i.keys).x AND a.attrelid = i.indrelid JOIN pg_catalog.pg_class AS ci ON ci.oid = i.indexrelid WHERE true AND ct.relname = 'j' AND i.indisprimary ORDER BY table_name, pk_name, key_seq
