1:
-
SELECT
	(
		a
		+ b
	)
	* c
	* d,
	a
	+ b
	+ c
	+ d
	+ e
	+ f,
	(
		a
		- b
		- c
	)
	+ d,
	(
		a
		- (
				b
				- c
			)
	)
	+ d
	+ e
	+ f,
	a1
	/ a2
	/ (
			b
			/ c
		)
	/ (
			d
			/ e
			/ f
		)

11:
-----------
SELECT
	(a + b)
	* c
	* d,
	a
	+ b
	+ c
	+ d
	+ e
	+ f,
	(
		a
		- b
		- c
	)
	+ d,
	(
		a
		- (
				b
				- c
			)
	)
	+ d
	+ e
	+ f,
	a1
	/ a2
	/ (
			b
			/ c
		)
	/ (
			d
			/ e
			/ f
		)

13:
-------------
SELECT
	(a + b)
	* c
	* d,
	a
	+ b
	+ c
	+ d
	+ e
	+ f,
	(
		a
		- b
		- c
	)
	+ d,
	(
		a
		- (
				b
				- c
			)
	)
	+ d
	+ e
	+ f,
	a1
	/ a2
	/ (b / c)
	/ (
			d
			/ e
			/ f
		)

15:
---------------
SELECT
	(a + b)
	* c
	* d,
	a
	+ b
	+ c
	+ d
	+ e
	+ f,
	(a - b - c)
	+ d,
	(
		a
		- (
				b
				- c
			)
	)
	+ d
	+ e
	+ f,
	a1
	/ a2
	/ (b / c)
	/ (
			d
			/ e
			/ f
		)

17:
-----------------
SELECT
	(a + b)
	* c
	* d,
	a
	+ b
	+ c
	+ d
	+ e
	+ f,
	(a - b - c)
	+ d,
	(a - (b - c))
	+ d
	+ e
	+ f,
	a1
	/ a2
	/ (b / c)
	/ (d / e / f)

20:
--------------------
SELECT
	(a + b) * c * d,
	a
	+ b
	+ c
	+ d
	+ e
	+ f,
	(a - b - c) + d,
	(a - (b - c))
	+ d
	+ e
	+ f,
	a1
	/ a2
	/ (b / c)
	/ (d / e / f)

26:
--------------------------
SELECT
	(a + b) * c * d,
	a + b + c + d + e + f,
	(a - b - c) + d,
	(a - (b - c))
	+ d
	+ e
	+ f,
	a1
	/ a2
	/ (b / c)
	/ (d / e / f)

30:
------------------------------
SELECT
	(a + b) * c * d,
	a + b + c + d + e + f,
	(a - b - c) + d,
	(a - (b - c)) + d + e + f,
	a1
	/ a2
	/ (b / c)
	/ (d / e / f)

35:
-----------------------------------
SELECT
	(a + b) * c * d,
	a + b + c + d + e + f,
	(a - b - c) + d,
	(a - (b - c)) + d + e + f,
	a1 / a2 / (b / c) / (d / e / f)

119:
-----------------------------------------------------------------------------------------------------------------------
SELECT
	(a + b) * c * d, a + b + c + d + e + f, (a - b - c) + d, (a - (b - c)) + d + e + f, a1 / a2 / (b / c) / (d / e / f)
