<html>
  <body>
    <p>A candidate SHA has been selected for <strong>v21.1.13</strong>. Proceeding to qualification shortly.</p>
    <ul>
      <li>SHA: <a href="https://github.com/cockroachlabs/release-staging/commit/0fd6eead6c6eb7b2529deb39197cc3c95e93ded8">0fd6eead6c6eb7b2529deb39197cc3c95e93ded8</a></li>
      <li>Tracking Issue: <a href="https://cockroachlabs.atlassian.net/browse/REL-111">REL-111</a></li>
      <li><a href="https://github.com/cockroachdb/cockroach/compare/v21.1.13...0fd6eead6c6eb7b2529deb39197cc3c95e93ded8">List of changes</a> since last release</li>
    </ul>
    <p>
      Thanks,<br />
      Release Engineering
    </p>
  </body>
</html>
