Hello!

The v19.1.11 release is scheduled for prep & qualification on Saturday, April 2 for a scheduled release of Monday, April 11.

This is a reminder to merge any outstanding backports that need to be included in the next release. Please refer to backboard to identify any such backports, https://backboard.crdb.dev/?branch=master&repo=386372623925772289

There are currently 0 open release blockers \o/ (https://go.crdb.dev/blockers). We are clear to proceed with preparation and qualification.

Thanks,
Release Engineering
