Hello!

The v19.1.11 release date of Monday, April 11 will be cancelled tomorrow if the following release blockers are not resolved before tonight's nightly build.

There are currently 9 open release blockers (https://go.crdb.dev/blockers), which must be resolved before a candidate is chosen:
  - Project 1: 4
  - Project 2: 2
  - Project 3: 3

Thanks,
Release Engineering
