Hello!

The v19.1.11 release is scheduled to be tonight's nightly build, Friday, April 1.

Friendly reminder to merge any outstanding backports. Refer to backboard: https://backboard.crdb.dev/?branch=master&repo=386372623925772289

There are currently 9 open release blockers (https://go.crdb.dev/blockers), which must be resolved before a candidate is chosen:
  - Project 1: 4
  - Project 2: 2
  - Project 3: 3

Thanks,
Release Engineering
