Hello!

The v19.1.0-alpha.3 release is scheduled for prep & qualification on Saturday, April 2 for a scheduled release of Monday, April 11.

There are currently 0 open release blockers \o/ (https://go.crdb.dev/blockers). We are clear to proceed with preparation and qualification.

Thanks,
Release Engineering
