Hello!

The v19.1.0-rc.3 release is scheduled for prep & qualification on Saturday, April 2 for a scheduled release of Monday, April 11.

With the Restrictive Backport Policy in effect, backports for master will be reviewed at Monday's triage meeting. Backport policy: https://go.crdb.dev/backport-policy-branch-cut.

There are currently 9 open release blockers (https://go.crdb.dev/blockers), which must be resolved before a candidate is chosen:
  - Project 1: 4
  - Project 2: 2
  - Project 3: 3

Thanks,
Release Engineering
